EN experiment9 NULL "C:/Users/Big D/Documents/CSUSM/PHYS301/Lab7/Experiment9/Experiment9.vhf" sub00/vhpl14 1508449651
EN memory_muser_experiment9 NULL "C:/Users/Big D/Documents/CSUSM/PHYS301/Lab7/Experiment9/Experiment9.vhf" sub00/vhpl08 1508449645
EN dcm_50m NULL "C:/Users/Big D/Downloads/DCM_50M.vhd" sub00/vhpl24 1508449625
EN m2_1e_mxilinx_butts NULL "C:/Users/Big D/Documents/CSUSM/PHYS301/Lab7/Experiment9/butts.vhf" sub00/vhpl00 1508449635
AR reg behavioral "C:/Users/Big D/Documents/CSUSM/PHYS301/Lab7/Experiment9/REG.vhf" sub00/vhpl23 1508449660
AR butts behavioral "C:/Users/Big D/Documents/CSUSM/PHYS301/Lab7/Experiment9/butts.vhf" sub00/vhpl05 1508449640
EN sel_strobeb NULL "C:/Users/Big D/Downloads/sel_strobeB.vhd" sub00/vhpl28 1508449629
EN ssd_1dig NULL "C:/Users/Big D/Downloads/SSD_1dig.vhd" sub00/vhpl30 1508449631
AR memory_muser_experiment9 behavioral "C:/Users/Big D/Documents/CSUSM/PHYS301/Lab7/Experiment9/Experiment9.vhf" sub00/vhpl09 1508449646
EN fd4ce_mxilinx_memory NULL "C:/Users/Big D/Documents/CSUSM/PHYS301/Lab7/Experiment9/Memory.vhf" sub00/vhpl16 1508449653
AR mux4ssd behavioral "C:/Users/Big D/Downloads/mux4SSD.vhd" sub00/vhpl33 1508449634
AR m8_1e_mxilinx_butts behavioral "C:/Users/Big D/Documents/CSUSM/PHYS301/Lab7/Experiment9/butts.vhf" sub00/vhpl03 1508449638
EN d3_8e_mxilinx_experiment9 NULL "C:/Users/Big D/Documents/CSUSM/PHYS301/Lab7/Experiment9/Experiment9.vhf" sub00/vhpl10 1508449647
EN reg_muser_experiment9 NULL "C:/Users/Big D/Documents/CSUSM/PHYS301/Lab7/Experiment9/Experiment9.vhf" sub00/vhpl12 1508449649
AR m2_1e_mxilinx_butts behavioral "C:/Users/Big D/Documents/CSUSM/PHYS301/Lab7/Experiment9/butts.vhf" sub00/vhpl01 1508449636
EN fd4ce_mxilinx_experiment9 NULL "C:/Users/Big D/Documents/CSUSM/PHYS301/Lab7/Experiment9/Experiment9.vhf" sub00/vhpl06 1508449643
EN bin2bcd3en NULL "C:/Users/Big D/Downloads/bin2BCD3en.vhd" sub00/vhpl26 1508449627
AR experiment9 behavioral "C:/Users/Big D/Documents/CSUSM/PHYS301/Lab7/Experiment9/Experiment9.vhf" sub00/vhpl15 1508449652
EN memory NULL "C:/Users/Big D/Documents/CSUSM/PHYS301/Lab7/Experiment9/Memory.vhf" sub00/vhpl18 1508449655
AR sel_strobeb behavioral "C:/Users/Big D/Downloads/sel_strobeB.vhd" sub00/vhpl29 1508449630
AR ssd_1dig behavioral "C:/Users/Big D/Downloads/SSD_1dig.vhd" sub00/vhpl31 1508449632
EN d3_8e_mxilinx_reg NULL "C:/Users/Big D/Documents/CSUSM/PHYS301/Lab7/Experiment9/REG.vhf" sub00/vhpl20 1508449657
EN mux4ssd NULL "C:/Users/Big D/Downloads/mux4SSD.vhd" sub00/vhpl32 1508449633
AR d3_8e_mxilinx_experiment9 behavioral "C:/Users/Big D/Documents/CSUSM/PHYS301/Lab7/Experiment9/Experiment9.vhf" sub00/vhpl11 1508449648
AR fd4ce_mxilinx_experiment9 behavioral "C:/Users/Big D/Documents/CSUSM/PHYS301/Lab7/Experiment9/Experiment9.vhf" sub00/vhpl07 1508449644
EN m8_1e_mxilinx_butts NULL "C:/Users/Big D/Documents/CSUSM/PHYS301/Lab7/Experiment9/butts.vhf" sub00/vhpl02 1508449637
AR memory behavioral "C:/Users/Big D/Documents/CSUSM/PHYS301/Lab7/Experiment9/Memory.vhf" sub00/vhpl19 1508449656
AR experiment3 behavioral "C:/Users/Big D/Documents/CSUSM/PHYS301/Lab7/Experiment9/Experiment3.vhf" sub00/vhpl35 1508449642
EN butts NULL "C:/Users/Big D/Documents/CSUSM/PHYS301/Lab7/Experiment9/butts.vhf" sub00/vhpl04 1508449639
AR d3_8e_mxilinx_reg behavioral "C:/Users/Big D/Documents/CSUSM/PHYS301/Lab7/Experiment9/REG.vhf" sub00/vhpl21 1508449658
AR bin2bcd3en behavioral "C:/Users/Big D/Downloads/bin2BCD3en.vhd" sub00/vhpl27 1508449628
EN reg NULL "C:/Users/Big D/Documents/CSUSM/PHYS301/Lab7/Experiment9/REG.vhf" sub00/vhpl22 1508449659
AR reg_muser_experiment9 behavioral "C:/Users/Big D/Documents/CSUSM/PHYS301/Lab7/Experiment9/Experiment9.vhf" sub00/vhpl13 1508449650
AR fd4ce_mxilinx_memory behavioral "C:/Users/Big D/Documents/CSUSM/PHYS301/Lab7/Experiment9/Memory.vhf" sub00/vhpl17 1508449654
AR dcm_50m behavioral "C:/Users/Big D/Downloads/DCM_50M.vhd" sub00/vhpl25 1508449626
EN experiment3 NULL "C:/Users/Big D/Documents/CSUSM/PHYS301/Lab7/Experiment9/Experiment3.vhf" sub00/vhpl34 1508449641
