EN fa NULL "C:/Users/Big D/Documents/CSUSM/PHYS301/Lab 4/experiment5/FA.vhf" sub00/vhpl04 1506029829
EN fa_muser_addr2b NULL "C:/Users/Big D/Documents/CSUSM/PHYS301/Lab 4/experiment5/addr2b.vhf" sub00/vhpl00 1506029825
AR fa_muser_addr2b behavioral "C:/Users/Big D/Documents/CSUSM/PHYS301/Lab 4/experiment5/addr2b.vhf" sub00/vhpl01 1506029826
AR addr2b behavioral "C:/Users/Big D/Documents/CSUSM/PHYS301/Lab 4/experiment5/addr2b.vhf" sub00/vhpl03 1506029828
AR fa behavioral "C:/Users/Big D/Documents/CSUSM/PHYS301/Lab 4/experiment5/FA.vhf" sub00/vhpl05 1506029830
EN addr2b NULL "C:/Users/Big D/Documents/CSUSM/PHYS301/Lab 4/experiment5/addr2b.vhf" sub00/vhpl02 1506029827
