V3 5
FL "C:/Users/Big D/Documents/CSUSM/PHYS301/Lab 4/experiment4/experiment4.vhf" 2017/09/19.14:50:46 P.20131013
EN work/experiment4 1505857850 \
      FL "C:/Users/Big D/Documents/CSUSM/PHYS301/Lab 4/experiment4/experiment4.vhf" \
      PB ieee/std_logic_1164 1381692176 PB ieee/NUMERIC_STD 1381692181 LB UNISIM \
      PH unisim/VCOMPONENTS 1381692182
AR work/experiment4/BEHAVIORAL 1505857851 \
      FL "C:/Users/Big D/Documents/CSUSM/PHYS301/Lab 4/experiment4/experiment4.vhf" \
      EN work/experiment4 1505857850 CP NAND2
