AR m2_1_mxilinx_experiment3 behavioral "C:/Users/Big D/Documents/CSUSM/PHYS301/Lab9/R/Experiment3/Experiment3.vhf" sub00/vhpl19 1511298526
EN halfadder_muser_mathbox NULL "C:/Users/Big D/Documents/CSUSM/PHYS301/Lab9/R/Experiment3/Mathbox.vhf" sub00/vhpl28 1511298535
EN dcm_50m NULL "C:/Users/Big D/Downloads/DCM_50M.vhd" sub00/vhpl00 1511298507
EN m2_1b1_mxilinx_experiment3 NULL "C:/Users/Big D/Documents/CSUSM/PHYS301/Lab9/R/Experiment3/Experiment3.vhf" sub00/vhpl16 1511298523
AR fjkce_mxilinx_experiment3 behavioral "C:/Users/Big D/Documents/CSUSM/PHYS301/Lab9/R/Experiment3/Experiment3.vhf" sub00/vhpl25 1511298532
AR mathbox_muser_experiment3 behavioral "C:/Users/Big D/Documents/CSUSM/PHYS301/Lab9/R/Experiment3/Experiment3.vhf" sub00/vhpl15 1511298522
AR halfadder_muser_mathbox behavioral "C:/Users/Big D/Documents/CSUSM/PHYS301/Lab9/R/Experiment3/Mathbox.vhf" sub00/vhpl29 1511298536
EN sel_strobeb NULL "C:/Users/Big D/Downloads/sel_strobeB.vhd" sub00/vhpl02 1511298509
EN ssd_1dig NULL "C:/Users/Big D/Downloads/SSD_1dig.vhd" sub00/vhpl06 1511298513
AR cb4cled_mxilinx_experiment3 behavioral "C:/Users/Big D/Documents/CSUSM/PHYS301/Lab9/R/Experiment3/Experiment3.vhf" sub00/vhpl23 1511298530
EN halfadder_muser_experiment3 NULL "C:/Users/Big D/Documents/CSUSM/PHYS301/Lab9/R/Experiment3/Experiment3.vhf" sub00/vhpl12 1511298519
EN halfadder NULL "C:/Users/Big D/Documents/CSUSM/PHYS301/Lab9/R/Experiment3/HalfAdder.vhf" sub00/vhpl32 1511298539
AR mux4ssd behavioral "C:/Users/Big D/Downloads/mux4SSD.vhd" sub00/vhpl09 1511298516
EN mathbox NULL "C:/Users/Big D/Documents/CSUSM/PHYS301/Lab9/R/Experiment3/Mathbox.vhf" sub00/vhpl30 1511298537
AR mathbox behavioral "C:/Users/Big D/Documents/CSUSM/PHYS301/Lab9/R/Experiment3/Mathbox.vhf" sub00/vhpl31 1511298538
AR sevenseg behavioral "C:/Users/Big D/Documents/CSUSM/PHYS301/Lab9/R/Experiment3/sevenSeg.vhf" sub00/vhpl11 1511298518
EN mathbox_muser_experiment3 NULL "C:/Users/Big D/Documents/CSUSM/PHYS301/Lab9/R/Experiment3/Experiment3.vhf" sub00/vhpl14 1511298521
EN ftclex_mxilinx_experiment3 NULL "C:/Users/Big D/Documents/CSUSM/PHYS301/Lab9/R/Experiment3/Experiment3.vhf" sub00/vhpl20 1511298527
EN bin2bcd3en NULL "C:/Users/Big D/Downloads/bin2BCD3en.vhd" sub00/vhpl04 1511298511
EN cb4cled_mxilinx_experiment3 NULL "C:/Users/Big D/Documents/CSUSM/PHYS301/Lab9/R/Experiment3/Experiment3.vhf" sub00/vhpl22 1511298529
EN m2_1_mxilinx_experiment3 NULL "C:/Users/Big D/Documents/CSUSM/PHYS301/Lab9/R/Experiment3/Experiment3.vhf" sub00/vhpl18 1511298525
AR ftclex_mxilinx_experiment3 behavioral "C:/Users/Big D/Documents/CSUSM/PHYS301/Lab9/R/Experiment3/Experiment3.vhf" sub00/vhpl21 1511298528
AR m2_1b1_mxilinx_experiment3 behavioral "C:/Users/Big D/Documents/CSUSM/PHYS301/Lab9/R/Experiment3/Experiment3.vhf" sub00/vhpl17 1511298524
AR sel_strobeb behavioral "C:/Users/Big D/Downloads/sel_strobeB.vhd" sub00/vhpl03 1511298510
AR ssd_1dig behavioral "C:/Users/Big D/Downloads/SSD_1dig.vhd" sub00/vhpl07 1511298514
EN mux4ssd NULL "C:/Users/Big D/Downloads/mux4SSD.vhd" sub00/vhpl08 1511298515
AR experiment3 behavioral "C:/Users/Big D/Documents/CSUSM/PHYS301/Lab9/R/Experiment3/Experiment3.vhf" sub00/vhpl27 1511298534
EN fjkce_mxilinx_experiment3 NULL "C:/Users/Big D/Documents/CSUSM/PHYS301/Lab9/R/Experiment3/Experiment3.vhf" sub00/vhpl24 1511298531
AR bin2bcd3en behavioral "C:/Users/Big D/Downloads/bin2BCD3en.vhd" sub00/vhpl05 1511298512
AR halfadder_muser_experiment3 behavioral "C:/Users/Big D/Documents/CSUSM/PHYS301/Lab9/R/Experiment3/Experiment3.vhf" sub00/vhpl13 1511298520
AR halfadder behavioral "C:/Users/Big D/Documents/CSUSM/PHYS301/Lab9/R/Experiment3/HalfAdder.vhf" sub00/vhpl33 1511298540
EN sevenseg NULL "C:/Users/Big D/Documents/CSUSM/PHYS301/Lab9/R/Experiment3/sevenSeg.vhf" sub00/vhpl10 1511298517
AR dcm_50m behavioral "C:/Users/Big D/Downloads/DCM_50M.vhd" sub00/vhpl01 1511298508
EN experiment3 NULL "C:/Users/Big D/Documents/CSUSM/PHYS301/Lab9/R/Experiment3/Experiment3.vhf" sub00/vhpl26 1511298533
