V3 6
FL "C:/Users/Big D/Documents/CSUSM/PHYS301/Lab7/Experiment8/Experiment8.vhf" 2017/10/17.12:24:15 P.20131013
EN work/Experiment8 1508268258 \
      FL "C:/Users/Big D/Documents/CSUSM/PHYS301/Lab7/Experiment8/Experiment8.vhf" \
      PB ieee/std_logic_1164 1381692176 PB ieee/NUMERIC_STD 1381692181 LB UNISIM \
      PH unisim/VCOMPONENTS 1381692182
AR work/Experiment8/BEHAVIORAL 1508268259 \
      FL "C:/Users/Big D/Documents/CSUSM/PHYS301/Lab7/Experiment8/Experiment8.vhf" \
      EN work/Experiment8 1508268258 CP FDRS CP INV
