V3 6
FL "C:/Users/Big D/Documents/CSUSM/PHYS301/Lab7/experiment5/experiment5.vhf" 2017/10/12.13:06:29 P.20131013
EN work/experiment5 1507838792 \
      FL "C:/Users/Big D/Documents/CSUSM/PHYS301/Lab7/experiment5/experiment5.vhf" \
      PB ieee/std_logic_1164 1381692176 PB ieee/NUMERIC_STD 1381692181 LB UNISIM \
      PH unisim/VCOMPONENTS 1381692182
AR work/experiment5/BEHAVIORAL 1507838793 \
      FL "C:/Users/Big D/Documents/CSUSM/PHYS301/Lab7/experiment5/experiment5.vhf" \
      EN work/experiment5 1507838792 CP NAND2 CP INV
