EN experiment10 NULL "C:/Users/Big D/Documents/CSUSM/PHYS301/Lab7/Experiment10/EXperiment10.vhf" sub00/vhpl02 1508451460
EN fjkce_mxilinx_experiment10 NULL "C:/Users/Big D/Documents/CSUSM/PHYS301/Lab7/Experiment10/EXperiment10.vhf" sub00/vhpl00 1508450732
AR fjkce_mxilinx_experiment10 behavioral "C:/Users/Big D/Documents/CSUSM/PHYS301/Lab7/Experiment10/EXperiment10.vhf" sub00/vhpl01 1508450733
AR fjkpe_mxilinx_experiment10 behavioral "C:/Users/Big D/Documents/CSUSM/PHYS301/Lab7/Experiment10/EXperiment10.vhf" sub00/vhpl05 1508451459
EN fjkpe_mxilinx_experiment10 NULL "C:/Users/Big D/Documents/CSUSM/PHYS301/Lab7/Experiment10/EXperiment10.vhf" sub00/vhpl04 1508451458
AR experiment10 behavioral "C:/Users/Big D/Documents/CSUSM/PHYS301/Lab7/Experiment10/EXperiment10.vhf" sub00/vhpl03 1508451461
