V3 5
FL "C:/Users/Big D/Documents/CSUSM/PHYS301/Lab7/Experiment3/Experiment3.vhf" 2017/10/10.14:58:09 P.20131013
EN work/Experiment3 1507672692 \
      FL "C:/Users/Big D/Documents/CSUSM/PHYS301/Lab7/Experiment3/Experiment3.vhf" \
      PB ieee/std_logic_1164 1381692176 PB ieee/NUMERIC_STD 1381692181 LB UNISIM \
      PH unisim/VCOMPONENTS 1381692182
AR work/Experiment3/BEHAVIORAL 1507672693 \
      FL "C:/Users/Big D/Documents/CSUSM/PHYS301/Lab7/Experiment3/Experiment3.vhf" \
      EN work/Experiment3 1507672692 CP XNOR2
