EN sandbox NULL "C:/Users/Big D/Documents/CSUSM/PHYS301/sandbox/sandbox.vhf" sub00/vhpl04 1513115513
AR sandbox behavioral "C:/Users/Big D/Documents/CSUSM/PHYS301/sandbox/sandbox.vhf" sub00/vhpl05 1513115514
AR adsu8_mxilinx_sandbox behavioral "C:/Users/Big D/Documents/CSUSM/PHYS301/sandbox/sandbox.vhf" sub00/vhpl03 1513115512
EN adsu8_mxilinx_sandbox NULL "C:/Users/Big D/Documents/CSUSM/PHYS301/sandbox/sandbox.vhf" sub00/vhpl02 1513115511
AR fd8ce_mxilinx_sandbox behavioral "C:/Users/Big D/Documents/CSUSM/PHYS301/sandbox/sandbox.vhf" sub00/vhpl01 1513115510
EN fd8ce_mxilinx_sandbox NULL "C:/Users/Big D/Documents/CSUSM/PHYS301/sandbox/sandbox.vhf" sub00/vhpl00 1513115509
