EN m2_1b1_mxilinx_experiment2 NULL "C:/Users/Big D/Documents/CSUSM/PHYS301/Lab9/R/experiment2/experiment2.vhf" sub00/vhpl02 1510693673
AR ftclex_mxilinx_experiment2 behavioral "C:/Users/Big D/Documents/CSUSM/PHYS301/Lab9/R/experiment2/experiment2.vhf" sub00/vhpl07 1510693678
AR m2_1b1_mxilinx_experiment2 behavioral "C:/Users/Big D/Documents/CSUSM/PHYS301/Lab9/R/experiment2/experiment2.vhf" sub00/vhpl03 1510693674
AR experiment2 behavioral "C:/Users/Big D/Documents/CSUSM/PHYS301/Lab9/R/experiment2/experiment2.vhf" sub00/vhpl11 1510693682
EN ftclex_mxilinx_experiment2 NULL "C:/Users/Big D/Documents/CSUSM/PHYS301/Lab9/R/experiment2/experiment2.vhf" sub00/vhpl06 1510693677
EN cb4cled_mxilinx_experiment2 NULL "C:/Users/Big D/Documents/CSUSM/PHYS301/Lab9/R/experiment2/experiment2.vhf" sub00/vhpl08 1510693679
EN m2_1_mxilinx_experiment2 NULL "C:/Users/Big D/Documents/CSUSM/PHYS301/Lab9/R/experiment2/experiment2.vhf" sub00/vhpl04 1510693675
AR m2_1_mxilinx_experiment2 behavioral "C:/Users/Big D/Documents/CSUSM/PHYS301/Lab9/R/experiment2/experiment2.vhf" sub00/vhpl05 1510693676
AR fjkce_mxilinx_experiment2 behavioral "C:/Users/Big D/Documents/CSUSM/PHYS301/Lab9/R/experiment2/experiment2.vhf" sub00/vhpl01 1510693672
AR cb4cled_mxilinx_experiment2 behavioral "C:/Users/Big D/Documents/CSUSM/PHYS301/Lab9/R/experiment2/experiment2.vhf" sub00/vhpl09 1510693680
EN fjkce_mxilinx_experiment2 NULL "C:/Users/Big D/Documents/CSUSM/PHYS301/Lab9/R/experiment2/experiment2.vhf" sub00/vhpl00 1510693671
EN experiment2 NULL "C:/Users/Big D/Documents/CSUSM/PHYS301/Lab9/R/experiment2/experiment2.vhf" sub00/vhpl10 1510693681
