EN dcm_50m NULL "C:/Users/Big D/Downloads/DCM_50M.vhd" sub00/vhpl00 1508875809
AR experiment1 behavioral "C:/Users/Big D/Documents/CSUSM/PHYS301/Lab8/Experiment1.vhf" sub00/vhpl03 1508875812
EN experiment1 NULL "C:/Users/Big D/Documents/CSUSM/PHYS301/Lab8/Experiment1.vhf" sub00/vhpl02 1508875811
AR dcm_50m behavioral "C:/Users/Big D/Downloads/DCM_50M.vhd" sub00/vhpl01 1508875810
