EN fa_muser_pfa NULL "C:/Users/Big D/Documents/CSUSM/PHYS301/Lab 5/Experiment3/PFA.vhf" sub00/vhpl00 1506466170
AR fa_muser_pfa behavioral "C:/Users/Big D/Documents/CSUSM/PHYS301/Lab 5/Experiment3/PFA.vhf" sub00/vhpl01 1506466171
AR pfa behavioral "C:/Users/Big D/Documents/CSUSM/PHYS301/Lab 5/Experiment3/PFA.vhf" sub00/vhpl03 1506466173
EN pfa NULL "C:/Users/Big D/Documents/CSUSM/PHYS301/Lab 5/Experiment3/PFA.vhf" sub00/vhpl02 1506466172
