V3 5
FL "C:/Users/Big D/Documents/CSUSM/PHYS301/Lab 4/experiment3/experiment3.vhf" 2017/09/19.14:22:57 P.20131013
EN work/experiment3 1505856181 \
      FL "C:/Users/Big D/Documents/CSUSM/PHYS301/Lab 4/experiment3/experiment3.vhf" \
      PB ieee/std_logic_1164 1381692176 PB ieee/NUMERIC_STD 1381692181 LB UNISIM \
      PH unisim/VCOMPONENTS 1381692182
AR work/experiment3/BEHAVIORAL 1505856182 \
      FL "C:/Users/Big D/Documents/CSUSM/PHYS301/Lab 4/experiment3/experiment3.vhf" \
      EN work/experiment3 1505856181 CP NAND2
