EN fd4ce_mxilinx_inputprocessor NULL "C:/Users/Big D/Documents/CSUSM/PHYS301/GitHubBackups/Physics-But-actually-CS-final Dec 12/Components/inputProcessor/inputProcessor/inputProcessor.vhf" sub00/vhpl00 1513120184
AR fd4ce_mxilinx_inputprocessor behavioral "C:/Users/Big D/Documents/CSUSM/PHYS301/GitHubBackups/Physics-But-actually-CS-final Dec 12/Components/inputProcessor/inputProcessor/inputProcessor.vhf" sub00/vhpl01 1513120185
