EN ssd_1dig NULL "C:/Users/Big D/Downloads/SSD_1dig.vhd" sub00/vhpl00 1507160082
AR ssd_1dig behavioral "C:/Users/Big D/Downloads/SSD_1dig.vhd" sub00/vhpl01 1507160083
EN reexperiment1 NULL "C:/Users/Big D/Documents/CSUSM/PHYS301/Lab 6/re-experiment1/reexperiment1.vhf" sub00/vhpl02 1507160084
AR reexperiment1 behavioral "C:/Users/Big D/Documents/CSUSM/PHYS301/Lab 6/re-experiment1/reexperiment1.vhf" sub00/vhpl03 1507160085
