AR d4_16en behavioral "C:/Users/Big D/Documents/CSUSM/PHYS301/d4_16en.vhd" sub00/vhpl01 1507068045
EN d4_16en NULL "C:/Users/Big D/Documents/CSUSM/PHYS301/d4_16en.vhd" sub00/vhpl00 1507068044
AR experiment1 behavioral "C:/Users/Big D/Documents/CSUSM/PHYS301/Lab 6/Experiment1/experiment1.vhf" sub00/vhpl03 1507068047
EN experiment1 NULL "C:/Users/Big D/Documents/CSUSM/PHYS301/Lab 6/Experiment1/experiment1.vhf" sub00/vhpl02 1507068046
