#-----------------------------------------------------------
# PlanAhead v14.7 (64-bit)
# Build 321239 by xbuild on Fri Sep 27 19:29:51 MDT 2013
# Start of session at: Tue Dec 12 13:52:05 2017
# Process ID: 2812
# Log file: C:/Users/Big D/Documents/CSUSM/PHYS301/sandbox/planAhead_run_1/planAhead.log
# Journal file: C:/Users/Big D/Documents/CSUSM/PHYS301/sandbox/planAhead_run_1/planAhead.jou
#-----------------------------------------------------------
start_gui
source {C:/Users/Big D/Documents/CSUSM/PHYS301/sandbox/pa.fromNetlist.tcl}
startgroup
set_property package_pin N3 [get_ports {NUHM_INPUT[7]}]
endgroup
startgroup
set_property package_pin E2 [get_ports {NUHM_INPUT[6]}]
endgroup
startgroup
set_property package_pin F3 [get_ports {NUHM_INPUT[5]}]
endgroup
startgroup
set_property package_pin G3 [get_ports {NUHM_INPUT[4]}]
endgroup
startgroup
set_property package_pin B4 [get_ports {NUHM_INPUT[3]}]
endgroup
startgroup
set_property package_pin K3 [get_ports {NUHM_INPUT[2]}]
endgroup
startgroup
set_property package_pin L3 [get_ports {NUHM_INPUT[1]}]
endgroup
startgroup
set_property package_pin P11 [get_ports {NUHM_INPUT[0]}]
endgroup
startgroup
set_property package_pin G1 [get_ports {RESULT[7]}]
endgroup
startgroup
set_property package_pin P4 [get_ports {RESULT[6]}]
endgroup
startgroup
set_property package_pin N4 [get_ports {RESULT[5]}]
endgroup
startgroup
set_property package_pin N5 [get_ports {RESULT[4]}]
endgroup
startgroup
set_property package_pin P6 [get_ports {RESULT[3]}]
endgroup
startgroup
set_property package_pin P7 [get_ports {RESULT[2]}]
endgroup
startgroup
set_property package_pin M11 [get_ports {RESULT[1]}]
endgroup
startgroup
set_property package_pin M5 [get_ports {RESULT[0]}]
endgroup
startgroup
set_property package_pin A7 [get_ports A]
endgroup
startgroup
set_property package_pin M4 [get_ports ADD_SUB]
endgroup
startgroup
set_property package_pin G12 [get_ports ADD_SUB]
endgroup
startgroup
set_property package_pin M4 [get_ports B]
endgroup
set_property package_pin "" [get_ports [list  {RESULT[1]}]]
set_property package_pin "" [get_ports [list  {RESULT[0]}]]
set_property package_pin "" [get_ports [list  {RESULT[1]}]]
startgroup
set_property package_pin M11 [get_ports CO]
endgroup
startgroup
set_property package_pin M5 [get_ports OFL]
endgroup
save_constraints
